// Jest Snapshot v1, https://goo.gl/fbAQLP

exports[`renders 1`] = `
<DocumentFragment>
  <div>
    <fieldset>
      <legend>
        Key Skills
      </legend>
      <button>
        Add Skill
      </button>
    </fieldset>
  </div>
</DocumentFragment>
`;
