// Jest Snapshot v1, https://goo.gl/fbAQLP

exports[`renders 1`] = `
<DocumentFragment>
  <div>
    <fieldset>
      <legend>
        Employment History
      </legend>
      <button>
        Add Employer
      </button>
    </fieldset>
  </div>
</DocumentFragment>
`;
