// Jest Snapshot v1, https://goo.gl/fbAQLP

exports[`renders 1`] = `
<DocumentFragment>
  <div>
    <fieldset>
      <legend>
        Personal Details
      </legend>
      <label>
        First Name
      </label>
      <input />
      <label>
        Last Name
      </label>
      <input />
      <label>
        Email Adress
      </label>
      <input />
      <label>
        Phone Number
      </label>
      <input />
      <label>
        Website
      </label>
      <input />
    </fieldset>
  </div>
</DocumentFragment>
`;
